Archive member included to satisfy reference by file (symbol)

c:/st/stm32cubeide_1.3.0/stm32cubeide/plugins/com.st.stm32cube.ide.mcu.externaltools.gnu-tools-for-stm32.7-2018-q2-update.win32_1.0.0.201904181610/tools/bin/../lib/gcc/arm-none-eabi/7.3.1/../../../../arm-none-eabi/lib/thumb/v7e-m/fpv4-sp/hard\libc_nano.a(lib_a-errno.o)
                              Core/Src/syscalls.o (__errno)
c:/st/stm32cubeide_1.3.0/stm32cubeide/plugins/com.st.stm32cube.ide.mcu.externaltools.gnu-tools-for-stm32.7-2018-q2-update.win32_1.0.0.201904181610/tools/bin/../lib/gcc/arm-none-eabi/7.3.1/../../../../arm-none-eabi/lib/thumb/v7e-m/fpv4-sp/hard\libc_nano.a(lib_a-exit.o)
                              c:/st/stm32cubeide_1.3.0/stm32cubeide/plugins/com.st.stm32cube.ide.mcu.externaltools.gnu-tools-for-stm32.7-2018-q2-update.win32_1.0.0.201904181610/tools/bin/../lib/gcc/arm-none-eabi/7.3.1/../../../../arm-none-eabi/lib/thumb/v7e-m/fpv4-sp/hard/crt0.o (exit)
c:/st/stm32cubeide_1.3.0/stm32cubeide/plugins/com.st.stm32cube.ide.mcu.externaltools.gnu-tools-for-stm32.7-2018-q2-update.win32_1.0.0.201904181610/tools/bin/../lib/gcc/arm-none-eabi/7.3.1/../../../../arm-none-eabi/lib/thumb/v7e-m/fpv4-sp/hard\libc_nano.a(lib_a-impure.o)
                              c:/st/stm32cubeide_1.3.0/stm32cubeide/plugins/com.st.stm32cube.ide.mcu.externaltools.gnu-tools-for-stm32.7-2018-q2-update.win32_1.0.0.201904181610/tools/bin/../lib/gcc/arm-none-eabi/7.3.1/../../../../arm-none-eabi/lib/thumb/v7e-m/fpv4-sp/hard\libc_nano.a(lib_a-exit.o) (_global_impure_ptr)
c:/st/stm32cubeide_1.3.0/stm32cubeide/plugins/com.st.stm32cube.ide.mcu.externaltools.gnu-tools-for-stm32.7-2018-q2-update.win32_1.0.0.201904181610/tools/bin/../lib/gcc/arm-none-eabi/7.3.1/../../../../arm-none-eabi/lib/thumb/v7e-m/fpv4-sp/hard\libc_nano.a(lib_a-init.o)
                              c:/st/stm32cubeide_1.3.0/stm32cubeide/plugins/com.st.stm32cube.ide.mcu.externaltools.gnu-tools-for-stm32.7-2018-q2-update.win32_1.0.0.201904181610/tools/bin/../lib/gcc/arm-none-eabi/7.3.1/../../../../arm-none-eabi/lib/thumb/v7e-m/fpv4-sp/hard/crt0.o (__libc_init_array)
c:/st/stm32cubeide_1.3.0/stm32cubeide/plugins/com.st.stm32cube.ide.mcu.externaltools.gnu-tools-for-stm32.7-2018-q2-update.win32_1.0.0.201904181610/tools/bin/../lib/gcc/arm-none-eabi/7.3.1/../../../../arm-none-eabi/lib/thumb/v7e-m/fpv4-sp/hard\libc_nano.a(lib_a-memset.o)
                              c:/st/stm32cubeide_1.3.0/stm32cubeide/plugins/com.st.stm32cube.ide.mcu.externaltools.gnu-tools-for-stm32.7-2018-q2-update.win32_1.0.0.201904181610/tools/bin/../lib/gcc/arm-none-eabi/7.3.1/../../../../arm-none-eabi/lib/thumb/v7e-m/fpv4-sp/hard/crt0.o (memset)
c:/st/stm32cubeide_1.3.0/stm32cubeide/plugins/com.st.stm32cube.ide.mcu.externaltools.gnu-tools-for-stm32.7-2018-q2-update.win32_1.0.0.201904181610/tools/bin/../lib/gcc/arm-none-eabi/7.3.1/thumb/v7e-m/fpv4-sp/hard\libgcc.a(_aeabi_uldivmod.o)
                              Drivers/STM32G4xx_HAL_Driver/Src/stm32g4xx_hal_uart.o (__aeabi_uldivmod)
c:/st/stm32cubeide_1.3.0/stm32cubeide/plugins/com.st.stm32cube.ide.mcu.externaltools.gnu-tools-for-stm32.7-2018-q2-update.win32_1.0.0.201904181610/tools/bin/../lib/gcc/arm-none-eabi/7.3.1/thumb/v7e-m/fpv4-sp/hard\libgcc.a(_udivmoddi4.o)
                              c:/st/stm32cubeide_1.3.0/stm32cubeide/plugins/com.st.stm32cube.ide.mcu.externaltools.gnu-tools-for-stm32.7-2018-q2-update.win32_1.0.0.201904181610/tools/bin/../lib/gcc/arm-none-eabi/7.3.1/thumb/v7e-m/fpv4-sp/hard\libgcc.a(_aeabi_uldivmod.o) (__udivmoddi4)
c:/st/stm32cubeide_1.3.0/stm32cubeide/plugins/com.st.stm32cube.ide.mcu.externaltools.gnu-tools-for-stm32.7-2018-q2-update.win32_1.0.0.201904181610/tools/bin/../lib/gcc/arm-none-eabi/7.3.1/thumb/v7e-m/fpv4-sp/hard\libgcc.a(_dvmd_tls.o)
                              c:/st/stm32cubeide_1.3.0/stm32cubeide/plugins/com.st.stm32cube.ide.mcu.externaltools.gnu-tools-for-stm32.7-2018-q2-update.win32_1.0.0.201904181610/tools/bin/../lib/gcc/arm-none-eabi/7.3.1/thumb/v7e-m/fpv4-sp/hard\libgcc.a(_aeabi_uldivmod.o) (__aeabi_ldiv0)

Allocating common symbols
Common symbol       size              file

hi2c1               0x4c              Core/Src/main.o
uwTick              0x4               Drivers/STM32G4xx_HAL_Driver/Src/stm32g4xx_hal.o
huart2              0x8c              Core/Src/main.o

Discarded input sections

 .text          0x0000000000000000        0x0 c:/st/stm32cubeide_1.3.0/stm32cubeide/plugins/com.st.stm32cube.ide.mcu.externaltools.gnu-tools-for-stm32.7-2018-q2-update.win32_1.0.0.201904181610/tools/bin/../lib/gcc/arm-none-eabi/7.3.1/thumb/v7e-m/fpv4-sp/hard/crti.o
 .data          0x0000000000000000        0x0 c:/st/stm32cubeide_1.3.0/stm32cubeide/plugins/com.st.stm32cube.ide.mcu.externaltools.gnu-tools-for-stm32.7-2018-q2-update.win32_1.0.0.201904181610/tools/bin/../lib/gcc/arm-none-eabi/7.3.1/thumb/v7e-m/fpv4-sp/hard/crti.o
[...]
Memory Configuration

Name             Origin             Length             Attributes
RAM              0x0000000020000000 0x0000000000008000 xrw
FLASH            0x0000000008000000 0x0000000000020000 xr
*default*        0x0000000000000000 0xffffffffffffffff

Linker script and memory map

LOAD c:/st/stm32cubeide_1.3.0/stm32cubeide/plugins/com.st.stm32cube.ide.mcu.externaltools.gnu-tools-for-stm32.7-2018-q2-update.win32_1.0.0.201904181610/tools/bin/../lib/gcc/arm-none-eabi/7.3.1/thumb/v7e-m/fpv4-sp/hard/crti.o
LOAD c:/st/stm32cubeide_1.3.0/stm32cubeide/plugins/com.st.stm32cube.ide.mcu.externaltools.gnu-tools-for-stm32.7-2018-q2-update.win32_1.0.0.201904181610/tools/bin/../lib/gcc/arm-none-eabi/7.3.1/thumb/v7e-m/fpv4-sp/hard/crtbegin.o
LOAD c:/st/stm32cubeide_1.3.0/stm32cubeide/plugins/com.st.stm32cube.ide.mcu.externaltools.gnu-tools-for-stm32.7-2018-q2-update.win32_1.0.0.201904181610/tools/bin/../lib/gcc/arm-none-eabi/7.3.1/../../../../arm-none-eabi/lib/thumb/v7e-m/fpv4-sp/hard/crt0.o
LOAD Core/Src/main.o
LOAD Core/Src/stm32g4xx_hal_msp.o
LOAD Core/Src/stm32g4xx_it.o
LOAD Core/Src/syscalls.o
LOAD Core/Src/sysmem.o
LOAD Core/Src/system_stm32g4xx.o
LOAD Core/Startup/startup_stm32g431kbtx.o
LOAD Drivers/STM32G4xx_HAL_Driver/Src/stm32g4xx_hal.o
LOAD Drivers/STM32G4xx_HAL_Driver/Src/stm32g4xx_hal_cortex.o
LOAD Drivers/STM32G4xx_HAL_Driver/Src/stm32g4xx_hal_dma.o
LOAD Drivers/STM32G4xx_HAL_Driver/Src/stm32g4xx_hal_dma_ex.o
LOAD Drivers/STM32G4xx_HAL_Driver/Src/stm32g4xx_hal_exti.o
LOAD Drivers/STM32G4xx_HAL_Driver/Src/stm32g4xx_hal_flash.o
LOAD Drivers/STM32G4xx_HAL_Driver/Src/stm32g4xx_hal_flash_ex.o
LOAD Drivers/STM32G4xx_HAL_Driver/Src/stm32g4xx_hal_flash_ramfunc.o
LOAD Drivers/STM32G4xx_HAL_Driver/Src/stm32g4xx_hal_gpio.o
LOAD Drivers/STM32G4xx_HAL_Driver/Src/stm32g4xx_hal_i2c.o
LOAD Drivers/STM32G4xx_HAL_Driver/Src/stm32g4xx_hal_i2c_ex.o
LOAD Drivers/STM32G4xx_HAL_Driver/Src/stm32g4xx_hal_pwr.o
LOAD Drivers/STM32G4xx_HAL_Driver/Src/stm32g4xx_hal_pwr_ex.o
LOAD Drivers/STM32G4xx_HAL_Driver/Src/stm32g4xx_hal_rcc.o
LOAD Drivers/STM32G4xx_HAL_Driver/Src/stm32g4xx_hal_rcc_ex.o
LOAD Drivers/STM32G4xx_HAL_Driver/Src/stm32g4xx_hal_tim.o
LOAD Drivers/STM32G4xx_HAL_Driver/Src/stm32g4xx_hal_tim_ex.o
LOAD Drivers/STM32G4xx_HAL_Driver/Src/stm32g4xx_hal_uart.o
LOAD Drivers/STM32G4xx_HAL_Driver/Src/stm32g4xx_hal_uart_ex.o
LOAD Drivers/STM32G4xx_HAL_Driver/Src/stm32g4xx_ll_pwr.o
START GROUP
LOAD c:/st/stm32cubeide_1.3.0/stm32cubeide/plugins/com.st.stm32cube.ide.mcu.externaltools.gnu-tools-for-stm32.7-2018-q2-update.win32_1.0.0.201904181610/tools/bin/../lib/gcc/arm-none-eabi/7.3.1/../../../../arm-none-eabi/lib/thumb/v7e-m/fpv4-sp/hard\libc_nano.a
LOAD c:/st/stm32cubeide_1.3.0/stm32cubeide/plugins/com.st.stm32cube.ide.mcu.externaltools.gnu-tools-for-stm32.7-2018-q2-update.win32_1.0.0.201904181610/tools/bin/../lib/gcc/arm-none-eabi/7.3.1/../../../../arm-none-eabi/lib/thumb/v7e-m/fpv4-sp/hard\libm.a
END GROUP
START GROUP
LOAD c:/st/stm32cubeide_1.3.0/stm32cubeide/plugins/com.st.stm32cube.ide.mcu.externaltools.gnu-tools-for-stm32.7-2018-q2-update.win32_1.0.0.201904181610/tools/bin/../lib/gcc/arm-none-eabi/7.3.1/thumb/v7e-m/fpv4-sp/hard\libgcc.a
LOAD c:/st/stm32cubeide_1.3.0/stm32cubeide/plugins/com.st.stm32cube.ide.mcu.externaltools.gnu-tools-for-stm32.7-2018-q2-update.win32_1.0.0.201904181610/tools/bin/../lib/gcc/arm-none-eabi/7.3.1/../../../../arm-none-eabi/lib/thumb/v7e-m/fpv4-sp/hard\libc_nano.a
END GROUP
START GROUP
LOAD c:/st/stm32cubeide_1.3.0/stm32cubeide/plugins/com.st.stm32cube.ide.mcu.externaltools.gnu-tools-for-stm32.7-2018-q2-update.win32_1.0.0.201904181610/tools/bin/../lib/gcc/arm-none-eabi/7.3.1/thumb/v7e-m/fpv4-sp/hard\libgcc.a
LOAD c:/st/stm32cubeide_1.3.0/stm32cubeide/plugins/com.st.stm32cube.ide.mcu.externaltools.gnu-tools-for-stm32.7-2018-q2-update.win32_1.0.0.201904181610/tools/bin/../lib/gcc/arm-none-eabi/7.3.1/../../../../arm-none-eabi/lib/thumb/v7e-m/fpv4-sp/hard\libc_nano.a
LOAD c:/st/stm32cubeide_1.3.0/stm32cubeide/plugins/com.st.stm32cube.ide.mcu.externaltools.gnu-tools-for-stm32.7-2018-q2-update.win32_1.0.0.201904181610/tools/bin/../lib/gcc/arm-none-eabi/7.3.1/../../../../arm-none-eabi/lib/thumb/v7e-m/fpv4-sp/hard\libnosys.a
END GROUP
START GROUP
LOAD c:/st/stm32cubeide_1.3.0/stm32cubeide/plugins/com.st.stm32cube.ide.mcu.externaltools.gnu-tools-for-stm32.7-2018-q2-update.win32_1.0.0.201904181610/tools/bin/../lib/gcc/arm-none-eabi/7.3.1/thumb/v7e-m/fpv4-sp/hard\libgcc.a
LOAD c:/st/stm32cubeide_1.3.0/stm32cubeide/plugins/com.st.stm32cube.ide.mcu.externaltools.gnu-tools-for-stm32.7-2018-q2-update.win32_1.0.0.201904181610/tools/bin/../lib/gcc/arm-none-eabi/7.3.1/../../../../arm-none-eabi/lib/thumb/v7e-m/fpv4-sp/hard\libc_nano.a
LOAD c:/st/stm32cubeide_1.3.0/stm32cubeide/plugins/com.st.stm32cube.ide.mcu.externaltools.gnu-tools-for-stm32.7-2018-q2-update.win32_1.0.0.201904181610/tools/bin/../lib/gcc/arm-none-eabi/7.3.1/../../../../arm-none-eabi/lib/thumb/v7e-m/fpv4-sp/hard\libnosys.a
END GROUP
LOAD c:/st/stm32cubeide_1.3.0/stm32cubeide/plugins/com.st.stm32cube.ide.mcu.externaltools.gnu-tools-for-stm32.7-2018-q2-update.win32_1.0.0.201904181610/tools/bin/../lib/gcc/arm-none-eabi/7.3.1/thumb/v7e-m/fpv4-sp/hard/crtend.o
LOAD c:/st/stm32cubeide_1.3.0/stm32cubeide/plugins/com.st.stm32cube.ide.mcu.externaltools.gnu-tools-for-stm32.7-2018-q2-update.win32_1.0.0.201904181610/tools/bin/../lib/gcc/arm-none-eabi/7.3.1/thumb/v7e-m/fpv4-sp/hard/crtn.o
                0x0000000020008000                _estack = (ORIGIN (RAM) + LENGTH (RAM))
                0x0000000000000200                _Min_Heap_Size = 0x200
                0x0000000000000400                _Min_Stack_Size = 0x400

.isr_vector     0x0000000008000000      0x1d8
                0x0000000008000000                . = ALIGN (0x4)
 *(.isr_vector)
 .isr_vector    0x0000000008000000      0x1d8 Core/Startup/startup_stm32g431kbtx.o
                0x0000000008000000                g_pfnVectors
                0x00000000080001d8                . = ALIGN (0x4)

.text           0x00000000080001d8     0x4458
                0x00000000080001d8                . = ALIGN (0x4)
 *(.text)
 .text          0x00000000080001d8       0x40 c:/st/stm32cubeide_1.3.0/stm32cubeide/plugins/com.st.stm32cube.ide.mcu.externaltools.gnu-tools-for-stm32.7-2018-q2-update.win32_1.0.0.201904181610/tools/bin/../lib/gcc/arm-none-eabi/7.3.1/thumb/v7e-m/fpv4-sp/hard/crtbegin.o
 .text          0x0000000008000218       0x30 c:/st/stm32cubeide_1.3.0/stm32cubeide/plugins/com.st.stm32cube.ide.mcu.externaltools.gnu-tools-for-stm32.7-2018-q2-update.win32_1.0.0.201904181610/tools/bin/../lib/gcc/arm-none-eabi/7.3.1/thumb/v7e-m/fpv4-sp/hard\libgcc.a(_aeabi_uldivmod.o)
                0x0000000008000218                __aeabi_uldivmod
 .text          0x0000000008000248      0x2cc c:/st/stm32cubeide_1.3.0/stm32cubeide/plugins/com.st.stm32cube.ide.mcu.externaltools.gnu-tools-for-stm32.7-2018-q2-update.win32_1.0.0.201904181610/tools/bin/../lib/gcc/arm-none-eabi/7.3.1/thumb/v7e-m/fpv4-sp/hard\libgcc.a(_udivmoddi4.o)
                0x0000000008000248                __udivmoddi4
 .text          0x0000000008000514        0x4 c:/st/stm32cubeide_1.3.0/stm32cubeide/plugins/com.st.stm32cube.ide.mcu.externaltools.gnu-tools-for-stm32.7-2018-q2-update.win32_1.0.0.201904181610/tools/bin/../lib/gcc/arm-none-eabi/7.3.1/thumb/v7e-m/fpv4-sp/hard\libgcc.a(_dvmd_tls.o)
                0x0000000008000514                __aeabi_idiv0
                0x0000000008000514                __aeabi_ldiv0
 *(.text*)
 .text.main     0x0000000008000518      0x160 Core/Src/main.o
                0x0000000008000518                main
 .text.SystemClock_Config
                0x0000000008000678       0xcc Core/Src/main.o
                0x0000000008000678                SystemClock_Config
 .text.MX_I2C1_Init
                0x0000000008000744       0x80 Core/Src/main.o
 .text.MX_USART2_UART_Init
                0x00000000080007c4       0x98 Core/Src/main.o
 .text.MX_GPIO_Init
                0x000000000800085c       0x9c Core/Src/main.o
 .text.Error_Handler
                0x00000000080008f8        0xe Core/Src/main.o
                0x00000000080008f8                Error_Handler
 *fill*         0x0000000008000906        0x2 
 .text.LL_PWR_DisableUCPDDeadBattery
                0x0000000008000908       0x20 Core/Src/stm32g4xx_hal_msp.o
 .text.HAL_MspInit
                0x0000000008000928       0x48 Core/Src/stm32g4xx_hal_msp.o
                0x0000000008000928                HAL_MspInit
 .text.HAL_I2C_MspInit
                0x0000000008000970       0xc4 Core/Src/stm32g4xx_hal_msp.o
                0x0000000008000970                HAL_I2C_MspInit
 .text.HAL_UART_MspInit
                0x0000000008000a34       0x84 Core/Src/stm32g4xx_hal_msp.o
                0x0000000008000a34                HAL_UART_MspInit
 .text.NMI_Handler
                0x0000000008000ab8        0xe Core/Src/stm32g4xx_it.o
                0x0000000008000ab8                NMI_Handler
 .text.HardFault_Handler
                0x0000000008000ac6        0x6 Core/Src/stm32g4xx_it.o
                0x0000000008000ac6                HardFault_Handler
 .text.MemManage_Handler
                0x0000000008000acc        0x6 Core/Src/stm32g4xx_it.o
                0x0000000008000acc                MemManage_Handler
 .text.BusFault_Handler
                0x0000000008000ad2        0x6 Core/Src/stm32g4xx_it.o
                0x0000000008000ad2                BusFault_Handler
 .text.UsageFault_Handler
                0x0000000008000ad8        0x6 Core/Src/stm32g4xx_it.o
                0x0000000008000ad8                UsageFault_Handler
 .text.SVC_Handler
                0x0000000008000ade        0xe Core/Src/stm32g4xx_it.o
                0x0000000008000ade                SVC_Handler
 .text.DebugMon_Handler
                0x0000000008000aec        0xe Core/Src/stm32g4xx_it.o
                0x0000000008000aec                DebugMon_Handler
 .text.PendSV_Handler
                0x0000000008000afa        0xe Core/Src/stm32g4xx_it.o
                0x0000000008000afa                PendSV_Handler
 .text.SysTick_Handler
                0x0000000008000b08        0xc Core/Src/stm32g4xx_it.o
                0x0000000008000b08                SysTick_Handler
 .text.SystemInit
                0x0000000008000b14       0x2c Core/Src/system_stm32g4xx.o
                0x0000000008000b14                SystemInit
 .text.Reset_Handler
                0x0000000008000b40       0x50 Core/Startup/startup_stm32g431kbtx.o
                0x0000000008000b40                Reset_Handler
 .text.Default_Handler
                0x0000000008000b90        0x2 Core/Startup/startup_stm32g431kbtx.o
                0x0000000008000b90                RTC_Alarm_IRQHandler
                0x0000000008000b90                EXTI2_IRQHandler
                0x0000000008000b90                TIM8_TRG_COM_IRQHandler
                0x0000000008000b90                TIM8_CC_IRQHandler
                0x0000000008000b90                TIM1_CC_IRQHandler
                0x0000000008000b90                USB_HP_IRQHandler
                0x0000000008000b90                CORDIC_IRQHandler
                0x0000000008000b90                EXTI3_IRQHandler
                0x0000000008000b90                I2C3_ER_IRQHandler
                0x0000000008000b90                EXTI0_IRQHandler
                0x0000000008000b90                I2C2_EV_IRQHandler
                0x0000000008000b90                FPU_IRQHandler
                0x0000000008000b90                FDCAN1_IT1_IRQHandler
                0x0000000008000b90                TIM1_UP_TIM16_IRQHandler
                0x0000000008000b90                ADC1_2_IRQHandler
                0x0000000008000b90                SPI1_IRQHandler
                0x0000000008000b90                TIM6_DAC_IRQHandler
                0x0000000008000b90                TIM8_UP_IRQHandler
                0x0000000008000b90                DMA2_Channel2_IRQHandler
                0x0000000008000b90                DMA1_Channel4_IRQHandler
                0x0000000008000b90                USART3_IRQHandler
                0x0000000008000b90                TIM4_IRQHandler
                0x0000000008000b90                DMA2_Channel1_IRQHandler
                0x0000000008000b90                I2C1_EV_IRQHandler
                0x0000000008000b90                DMA1_Channel6_IRQHandler
                0x0000000008000b90                UART4_IRQHandler
                0x0000000008000b90                DMA2_Channel4_IRQHandler
                0x0000000008000b90                TIM3_IRQHandler
                0x0000000008000b90                RCC_IRQHandler
                0x0000000008000b90                DMA1_Channel1_IRQHandler
                0x0000000008000b90                Default_Handler
                0x0000000008000b90                RTC_TAMP_LSECSS_IRQHandler
                0x0000000008000b90                FMAC_IRQHandler
                0x0000000008000b90                EXTI15_10_IRQHandler
                0x0000000008000b90                TIM7_IRQHandler
                0x0000000008000b90                UCPD1_IRQHandler
                0x0000000008000b90                I2C3_EV_IRQHandler
                0x0000000008000b90                EXTI9_5_IRQHandler
                0x0000000008000b90                RTC_WKUP_IRQHandler
                0x0000000008000b90                PVD_PVM_IRQHandler
                0x0000000008000b90                SPI2_IRQHandler
                0x0000000008000b90                DMA2_Channel5_IRQHandler
                0x0000000008000b90                CRS_IRQHandler
                0x0000000008000b90                DMA1_Channel5_IRQHandler
                0x0000000008000b90                USB_LP_IRQHandler
                0x0000000008000b90                EXTI4_IRQHandler
                0x0000000008000b90                RNG_IRQHandler
                0x0000000008000b90                TIM1_TRG_COM_TIM17_IRQHandler
                0x0000000008000b90                DMA1_Channel3_IRQHandler
                0x0000000008000b90                WWDG_IRQHandler
                0x0000000008000b90                LPUART1_IRQHandler
                0x0000000008000b90                DMA2_Channel6_IRQHandler
                0x0000000008000b90                FDCAN1_IT0_IRQHandler
                0x0000000008000b90                TIM2_IRQHandler
                0x0000000008000b90                COMP1_2_3_IRQHandler
                0x0000000008000b90                EXTI1_IRQHandler
                0x0000000008000b90                USART2_IRQHandler
                0x0000000008000b90                I2C2_ER_IRQHandler
                0x0000000008000b90                DMA1_Channel2_IRQHandler
                0x0000000008000b90                TIM8_BRK_IRQHandler
                0x0000000008000b90                FLASH_IRQHandler
                0x0000000008000b90                USART1_IRQHandler
                0x0000000008000b90                SPI3_IRQHandler
                0x0000000008000b90                I2C1_ER_IRQHandler
                0x0000000008000b90                LPTIM1_IRQHandler
                0x0000000008000b90                DMAMUX_OVR_IRQHandler
                0x0000000008000b90                USBWakeUp_IRQHandler
                0x0000000008000b90                SAI1_IRQHandler
                0x0000000008000b90                DMA2_Channel3_IRQHandler
                0x0000000008000b90                COMP4_IRQHandler
                0x0000000008000b90                TIM1_BRK_TIM15_IRQHandler
 .text.HAL_Init
                0x0000000008000b92       0x30 Drivers/STM32G4xx_HAL_Driver/Src/stm32g4xx_hal.o
                0x0000000008000b92                HAL_Init
 *fill*         0x0000000008000bc2        0x2 
 .text.HAL_InitTick
                0x0000000008000bc4       0x74 Drivers/STM32G4xx_HAL_Driver/Src/stm32g4xx_hal.o
                0x0000000008000bc4                HAL_InitTick
 .text.HAL_IncTick
                0x0000000008000c38       0x24 Drivers/STM32G4xx_HAL_Driver/Src/stm32g4xx_hal.o
                0x0000000008000c38                HAL_IncTick
 .text.HAL_GetTick
                0x0000000008000c5c       0x18 Drivers/STM32G4xx_HAL_Driver/Src/stm32g4xx_hal.o
                0x0000000008000c5c                HAL_GetTick
 .text.HAL_Delay
                0x0000000008000c74       0x44 Drivers/STM32G4xx_HAL_Driver/Src/stm32g4xx_hal.o
                0x0000000008000c74                HAL_Delay
 .text.__NVIC_SetPriorityGrouping
                0x0000000008000cb8       0x48 Drivers/STM32G4xx_HAL_Driver/Src/stm32g4xx_hal_cortex.o
 .text.__NVIC_GetPriorityGrouping
                0x0000000008000d00       0x1c Drivers/STM32G4xx_HAL_Driver/Src/stm32g4xx_hal_cortex.o
 .text.__NVIC_SetPriority
                0x0000000008000d1c       0x54 Drivers/STM32G4xx_HAL_Driver/Src/stm32g4xx_hal_cortex.o
 .text.NVIC_EncodePriority
                0x0000000008000d70       0x66 Drivers/STM32G4xx_HAL_Driver/Src/stm32g4xx_hal_cortex.o
 *fill*         0x0000000008000dd6        0x2 
 .text.SysTick_Config
                0x0000000008000dd8       0x44 Drivers/STM32G4xx_HAL_Driver/Src/stm32g4xx_hal_cortex.o
 .text.HAL_NVIC_SetPriorityGrouping
                0x0000000008000e1c       0x16 Drivers/STM32G4xx_HAL_Driver/Src/stm32g4xx_hal_cortex.o
                0x0000000008000e1c                HAL_NVIC_SetPriorityGrouping
 .text.HAL_NVIC_SetPriority
                0x0000000008000e32       0x34 Drivers/STM32G4xx_HAL_Driver/Src/stm32g4xx_hal_cortex.o
                0x0000000008000e32                HAL_NVIC_SetPriority
 .text.HAL_SYSTICK_Config
                0x0000000008000e66       0x18 Drivers/STM32G4xx_HAL_Driver/Src/stm32g4xx_hal_cortex.o
                0x0000000008000e66                HAL_SYSTICK_Config
 *fill*         0x0000000008000e7e        0x2 
 .text.HAL_GPIO_Init
                0x0000000008000e80      0x304 Drivers/STM32G4xx_HAL_Driver/Src/stm32g4xx_hal_gpio.o
                0x0000000008000e80                HAL_GPIO_Init
 .text.HAL_GPIO_ReadPin
                0x0000000008001184       0x30 Drivers/STM32G4xx_HAL_Driver/Src/stm32g4xx_hal_gpio.o
                0x0000000008001184                HAL_GPIO_ReadPin
 .text.HAL_GPIO_WritePin
                0x00000000080011b4       0x30 Drivers/STM32G4xx_HAL_Driver/Src/stm32g4xx_hal_gpio.o
                0x00000000080011b4                HAL_GPIO_WritePin
 .text.HAL_GPIO_TogglePin
                0x00000000080011e4       0x32 Drivers/STM32G4xx_HAL_Driver/Src/stm32g4xx_hal_gpio.o
                0x00000000080011e4                HAL_GPIO_TogglePin
 .text.HAL_I2C_Init
                0x0000000008001216      0x11e Drivers/STM32G4xx_HAL_Driver/Src/stm32g4xx_hal_i2c.o
                0x0000000008001216                HAL_I2C_Init
 .text.HAL_I2C_Master_Transmit
                0x0000000008001334      0x1e8 Drivers/STM32G4xx_HAL_Driver/Src/stm32g4xx_hal_i2c.o
                0x0000000008001334                HAL_I2C_Master_Transmit
 .text.HAL_I2C_Master_Receive
                0x000000000800151c      0x1ec Drivers/STM32G4xx_HAL_Driver/Src/stm32g4xx_hal_i2c.o
                0x000000000800151c                HAL_I2C_Master_Receive
 .text.HAL_I2C_GetState
                0x0000000008001708       0x1c Drivers/STM32G4xx_HAL_Driver/Src/stm32g4xx_hal_i2c.o
                0x0000000008001708                HAL_I2C_GetState
 .text.HAL_I2C_GetMode
                0x0000000008001724       0x1c Drivers/STM32G4xx_HAL_Driver/Src/stm32g4xx_hal_i2c.o
                0x0000000008001724                HAL_I2C_GetMode
 .text.HAL_I2C_GetError
                0x0000000008001740       0x18 Drivers/STM32G4xx_HAL_Driver/Src/stm32g4xx_hal_i2c.o
                0x0000000008001740                HAL_I2C_GetError
 .text.I2C_Flush_TXDR
                0x0000000008001758       0x48 Drivers/STM32G4xx_HAL_Driver/Src/stm32g4xx_hal_i2c.o
 .text.I2C_WaitOnFlagUntilTimeout
                0x00000000080017a0       0x80 Drivers/STM32G4xx_HAL_Driver/Src/stm32g4xx_hal_i2c.o
 .text.I2C_WaitOnTXISFlagUntilTimeout
                0x0000000008001820       0x80 Drivers/STM32G4xx_HAL_Driver/Src/stm32g4xx_hal_i2c.o
 .text.I2C_WaitOnSTOPFlagUntilTimeout
                0x00000000080018a0       0x78 Drivers/STM32G4xx_HAL_Driver/Src/stm32g4xx_hal_i2c.o
 .text.I2C_WaitOnRXNEFlagUntilTimeout
                0x0000000008001918       0xd8 Drivers/STM32G4xx_HAL_Driver/Src/stm32g4xx_hal_i2c.o
 .text.I2C_IsAcknowledgeFailed
                0x00000000080019f0       0xcc Drivers/STM32G4xx_HAL_Driver/Src/stm32g4xx_hal_i2c.o
 .text.I2C_TransferConfig
                0x0000000008001abc       0x5c Drivers/STM32G4xx_HAL_Driver/Src/stm32g4xx_hal_i2c.o
 .text.HAL_I2CEx_ConfigAnalogFilter
                0x0000000008001b18       0x96 Drivers/STM32G4xx_HAL_Driver/Src/stm32g4xx_hal_i2c_ex.o
                0x0000000008001b18                HAL_I2CEx_ConfigAnalogFilter
 .text.HAL_I2CEx_ConfigDigitalFilter
                0x0000000008001bae       0x98 Drivers/STM32G4xx_HAL_Driver/Src/stm32g4xx_hal_i2c_ex.o
                0x0000000008001bae                HAL_I2CEx_ConfigDigitalFilter
 *fill*         0x0000000008001c46        0x2 
 .text.HAL_PWREx_ControlVoltageScaling
                0x0000000008001c48      0x148 Drivers/STM32G4xx_HAL_Driver/Src/stm32g4xx_hal_pwr_ex.o
                0x0000000008001c48                HAL_PWREx_ControlVoltageScaling
 .text.HAL_RCC_OscConfig
                0x0000000008001d90      0x630 Drivers/STM32G4xx_HAL_Driver/Src/stm32g4xx_hal_rcc.o
                0x0000000008001d90                HAL_RCC_OscConfig
 .text.HAL_RCC_ClockConfig
                0x00000000080023c0      0x278 Drivers/STM32G4xx_HAL_Driver/Src/stm32g4xx_hal_rcc.o
                0x00000000080023c0                HAL_RCC_ClockConfig
 .text.HAL_RCC_GetSysClockFreq
                0x0000000008002638       0xc4 Drivers/STM32G4xx_HAL_Driver/Src/stm32g4xx_hal_rcc.o
                0x0000000008002638                HAL_RCC_GetSysClockFreq
 .text.HAL_RCC_GetHCLKFreq
                0x00000000080026fc       0x18 Drivers/STM32G4xx_HAL_Driver/Src/stm32g4xx_hal_rcc.o
                0x00000000080026fc                HAL_RCC_GetHCLKFreq
 .text.HAL_RCC_GetPCLK1Freq
                0x0000000008002714       0x2c Drivers/STM32G4xx_HAL_Driver/Src/stm32g4xx_hal_rcc.o
                0x0000000008002714                HAL_RCC_GetPCLK1Freq
 .text.HAL_RCC_GetPCLK2Freq
                0x0000000008002740       0x2c Drivers/STM32G4xx_HAL_Driver/Src/stm32g4xx_hal_rcc.o
                0x0000000008002740                HAL_RCC_GetPCLK2Freq
 .text.RCC_GetSysClockFreqFromPLLSource
                0x000000000800276c       0x8c Drivers/STM32G4xx_HAL_Driver/Src/stm32g4xx_hal_rcc.o
 .text.HAL_RCCEx_PeriphCLKConfig
                0x00000000080027f8      0x3e0 Drivers/STM32G4xx_HAL_Driver/Src/stm32g4xx_hal_rcc_ex.o
                0x00000000080027f8                HAL_RCCEx_PeriphCLKConfig
 .text.HAL_UART_Init
                0x0000000008002bd8       0xa0 Drivers/STM32G4xx_HAL_Driver/Src/stm32g4xx_hal_uart.o
                0x0000000008002bd8                HAL_UART_Init
 .text.HAL_UART_Transmit
                0x0000000008002c78      0x12c Drivers/STM32G4xx_HAL_Driver/Src/stm32g4xx_hal_uart.o
                0x0000000008002c78                HAL_UART_Transmit
 *fill*         0x0000000008002da4        0x4 
 .text.UART_SetConfig
                0x0000000008002da8     0x1374 Drivers/STM32G4xx_HAL_Driver/Src/stm32g4xx_hal_uart.o
                0x0000000008002da8                UART_SetConfig
 .text.UART_AdvFeatureConfig
                0x000000000800411c      0x144 Drivers/STM32G4xx_HAL_Driver/Src/stm32g4xx_hal_uart.o
                0x000000000800411c                UART_AdvFeatureConfig
 .text.UART_CheckIdleState
                0x0000000008004260       0x90 Drivers/STM32G4xx_HAL_Driver/Src/stm32g4xx_hal_uart.o
                0x0000000008004260                UART_CheckIdleState
 .text.UART_WaitOnFlagUntilTimeout
                0x00000000080042f0       0x94 Drivers/STM32G4xx_HAL_Driver/Src/stm32g4xx_hal_uart.o
                0x00000000080042f0                UART_WaitOnFlagUntilTimeout
 .text.HAL_UARTEx_DisableFifoMode
                0x0000000008004384       0x72 Drivers/STM32G4xx_HAL_Driver/Src/stm32g4xx_hal_uart_ex.o
                0x0000000008004384                HAL_UARTEx_DisableFifoMode
 .text.HAL_UARTEx_SetTxFifoThreshold
                0x00000000080043f6       0x7c Drivers/STM32G4xx_HAL_Driver/Src/stm32g4xx_hal_uart_ex.o
                0x00000000080043f6                HAL_UARTEx_SetTxFifoThreshold
 .text.HAL_UARTEx_SetRxFifoThreshold
                0x0000000008004472       0x7c Drivers/STM32G4xx_HAL_Driver/Src/stm32g4xx_hal_uart_ex.o
                0x0000000008004472                HAL_UARTEx_SetRxFifoThreshold
 *fill*         0x00000000080044ee        0x2 
 .text.UARTEx_SetNbDataToProcess
                0x00000000080044f0       0xd0 Drivers/STM32G4xx_HAL_Driver/Src/stm32g4xx_hal_uart_ex.o
 .text.__libc_init_array
                0x00000000080045c0       0x48 c:/st/stm32cubeide_1.3.0/stm32cubeide/plugins/com.st.stm32cube.ide.mcu.externaltools.gnu-tools-for-stm32.7-2018-q2-update.win32_1.0.0.201904181610/tools/bin/../lib/gcc/arm-none-eabi/7.3.1/../../../../arm-none-eabi/lib/thumb/v7e-m/fpv4-sp/hard\libc_nano.a(lib_a-init.o)
                0x00000000080045c0                __libc_init_array
 .text.memset   0x0000000008004608       0x10 c:/st/stm32cubeide_1.3.0/stm32cubeide/plugins/com.st.stm32cube.ide.mcu.externaltools.gnu-tools-for-stm32.7-2018-q2-update.win32_1.0.0.201904181610/tools/bin/../lib/gcc/arm-none-eabi/7.3.1/../../../../arm-none-eabi/lib/thumb/v7e-m/fpv4-sp/hard\libc_nano.a(lib_a-memset.o)
                0x0000000008004608                memset
 *(.glue_7)
 .glue_7        0x0000000008004618        0x0 linker stubs
 *(.glue_7t)
 .glue_7t       0x0000000008004618        0x0 linker stubs
 *(.eh_frame)
 .eh_frame      0x0000000008004618        0x0 c:/st/stm32cubeide_1.3.0/stm32cubeide/plugins/com.st.stm32cube.ide.mcu.externaltools.gnu-tools-for-stm32.7-2018-q2-update.win32_1.0.0.201904181610/tools/bin/../lib/gcc/arm-none-eabi/7.3.1/thumb/v7e-m/fpv4-sp/hard/crtbegin.o
 *(.init)
 .init          0x0000000008004618        0x4 c:/st/stm32cubeide_1.3.0/stm32cubeide/plugins/com.st.stm32cube.ide.mcu.externaltools.gnu-tools-for-stm32.7-2018-q2-update.win32_1.0.0.201904181610/tools/bin/../lib/gcc/arm-none-eabi/7.3.1/thumb/v7e-m/fpv4-sp/hard/crti.o
                0x0000000008004618                _init
 .init          0x000000000800461c        0x8 c:/st/stm32cubeide_1.3.0/stm32cubeide/plugins/com.st.stm32cube.ide.mcu.externaltools.gnu-tools-for-stm32.7-2018-q2-update.win32_1.0.0.201904181610/tools/bin/../lib/gcc/arm-none-eabi/7.3.1/thumb/v7e-m/fpv4-sp/hard/crtn.o
 *(.fini)
 .fini          0x0000000008004624        0x4 c:/st/stm32cubeide_1.3.0/stm32cubeide/plugins/com.st.stm32cube.ide.mcu.externaltools.gnu-tools-for-stm32.7-2018-q2-update.win32_1.0.0.201904181610/tools/bin/../lib/gcc/arm-none-eabi/7.3.1/thumb/v7e-m/fpv4-sp/hard/crti.o
                0x0000000008004624                _fini
 .fini          0x0000000008004628        0x8 c:/st/stm32cubeide_1.3.0/stm32cubeide/plugins/com.st.stm32cube.ide.mcu.externaltools.gnu-tools-for-stm32.7-2018-q2-update.win32_1.0.0.201904181610/tools/bin/../lib/gcc/arm-none-eabi/7.3.1/thumb/v7e-m/fpv4-sp/hard/crtn.o
                0x0000000008004630                . = ALIGN (0x4)
                0x0000000008004630                _etext = .

.vfp11_veneer   0x0000000008004630        0x0
 .vfp11_veneer  0x0000000008004630        0x0 linker stubs

.v4_bx          0x0000000008004630        0x0
 .v4_bx         0x0000000008004630        0x0 linker stubs

.iplt           0x0000000008004630        0x0
 .iplt          0x0000000008004630        0x0 c:/st/stm32cubeide_1.3.0/stm32cubeide/plugins/com.st.stm32cube.ide.mcu.externaltools.gnu-tools-for-stm32.7-2018-q2-update.win32_1.0.0.201904181610/tools/bin/../lib/gcc/arm-none-eabi/7.3.1/thumb/v7e-m/fpv4-sp/hard/crtbegin.o

.rodata         0x0000000008004630       0x28
                0x0000000008004630                . = ALIGN (0x4)
 *(.rodata)
 .rodata        0x0000000008004630       0x10 Drivers/STM32G4xx_HAL_Driver/Src/stm32g4xx_hal_uart_ex.o
 *(.rodata*)
 .rodata.AHBPrescTable
                0x0000000008004640       0x10 Core/Src/system_stm32g4xx.o
                0x0000000008004640                AHBPrescTable
 .rodata.APBPrescTable
                0x0000000008004650        0x8 Core/Src/system_stm32g4xx.o
                0x0000000008004650                APBPrescTable
                0x0000000008004658                . = ALIGN (0x4)

.ARM.extab      0x0000000008004658        0x0
                0x0000000008004658                . = ALIGN (0x4)
 *(.ARM.extab* .gnu.linkonce.armextab.*)
                0x0000000008004658                . = ALIGN (0x4)

.ARM            0x0000000008004658        0x8
                0x0000000008004658                . = ALIGN (0x4)
                0x0000000008004658                __exidx_start = .
 *(.ARM.exidx*)
 .ARM.exidx     0x0000000008004658        0x8 c:/st/stm32cubeide_1.3.0/stm32cubeide/plugins/com.st.stm32cube.ide.mcu.externaltools.gnu-tools-for-stm32.7-2018-q2-update.win32_1.0.0.201904181610/tools/bin/../lib/gcc/arm-none-eabi/7.3.1/thumb/v7e-m/fpv4-sp/hard\libgcc.a(_udivmoddi4.o)
                0x0000000008004660                __exidx_end = .
                0x0000000008004660                . = ALIGN (0x4)

.rel.dyn        0x0000000008004660        0x0
 .rel.iplt      0x0000000008004660        0x0 c:/st/stm32cubeide_1.3.0/stm32cubeide/plugins/com.st.stm32cube.ide.mcu.externaltools.gnu-tools-for-stm32.7-2018-q2-update.win32_1.0.0.201904181610/tools/bin/../lib/gcc/arm-none-eabi/7.3.1/thumb/v7e-m/fpv4-sp/hard/crtbegin.o

.preinit_array  0x0000000008004660        0x0
                0x0000000008004660                . = ALIGN (0x4)
                0x0000000008004660                PROVIDE (__preinit_array_start = .)
 *(.preinit_array*)
                0x0000000008004660                PROVIDE (__preinit_array_end = .)
                0x0000000008004660                . = ALIGN (0x4)

.init_array     0x0000000008004660        0x4
                0x0000000008004660                . = ALIGN (0x4)
                0x0000000008004660                PROVIDE (__init_array_start = .)
 *(SORT_BY_NAME(.init_array.*))
 *(.init_array*)
 .init_array    0x0000000008004660        0x4 c:/st/stm32cubeide_1.3.0/stm32cubeide/plugins/com.st.stm32cube.ide.mcu.externaltools.gnu-tools-for-stm32.7-2018-q2-update.win32_1.0.0.201904181610/tools/bin/../lib/gcc/arm-none-eabi/7.3.1/thumb/v7e-m/fpv4-sp/hard/crtbegin.o
                0x0000000008004664                PROVIDE (__init_array_end = .)
                0x0000000008004664                . = ALIGN (0x4)

.fini_array     0x0000000008004664        0x4
                0x0000000008004664                . = ALIGN (0x4)
                [!provide]                        PROVIDE (__fini_array_start = .)
 *(SORT_BY_NAME(.fini_array.*))
 *(.fini_array*)
 .fini_array    0x0000000008004664        0x4 c:/st/stm32cubeide_1.3.0/stm32cubeide/plugins/com.st.stm32cube.ide.mcu.externaltools.gnu-tools-for-stm32.7-2018-q2-update.win32_1.0.0.201904181610/tools/bin/../lib/gcc/arm-none-eabi/7.3.1/thumb/v7e-m/fpv4-sp/hard/crtbegin.o
                [!provide]                        PROVIDE (__fini_array_end = .)
                0x0000000008004668                . = ALIGN (0x4)
                0x0000000008004668                _sidata = LOADADDR (.data)

.data           0x0000000020000000        0xc load address 0x0000000008004668
                0x0000000020000000                . = ALIGN (0x4)
                0x0000000020000000                _sdata = .
 *(.data)
 *(.data*)
 .data.SystemCoreClock
                0x0000000020000000        0x4 Core/Src/system_stm32g4xx.o
                0x0000000020000000                SystemCoreClock
 .data.uwTickPrio
                0x0000000020000004        0x4 Drivers/STM32G4xx_HAL_Driver/Src/stm32g4xx_hal.o
                0x0000000020000004                uwTickPrio
 .data.uwTickFreq
                0x0000000020000008        0x4 Drivers/STM32G4xx_HAL_Driver/Src/stm32g4xx_hal.o
                0x0000000020000008                uwTickFreq
                0x000000002000000c                . = ALIGN (0x4)
                0x000000002000000c                _edata = .

.igot.plt       0x000000002000000c        0x0 load address 0x0000000008004674
 .igot.plt      0x000000002000000c        0x0 c:/st/stm32cubeide_1.3.0/stm32cubeide/plugins/com.st.stm32cube.ide.mcu.externaltools.gnu-tools-for-stm32.7-2018-q2-update.win32_1.0.0.201904181610/tools/bin/../lib/gcc/arm-none-eabi/7.3.1/thumb/v7e-m/fpv4-sp/hard/crtbegin.o
                0x000000002000000c                . = ALIGN (0x4)

.bss            0x000000002000000c       0xf8 load address 0x0000000008004674
                0x000000002000000c                _sbss = .
                0x000000002000000c                __bss_start__ = _sbss
 *(.bss)
 .bss           0x000000002000000c       0x1c c:/st/stm32cubeide_1.3.0/stm32cubeide/plugins/com.st.stm32cube.ide.mcu.externaltools.gnu-tools-for-stm32.7-2018-q2-update.win32_1.0.0.201904181610/tools/bin/../lib/gcc/arm-none-eabi/7.3.1/thumb/v7e-m/fpv4-sp/hard/crtbegin.o
 *(.bss*)
 *(COMMON)
 COMMON         0x0000000020000028       0xd8 Core/Src/main.o
                0x0000000020000028                hi2c1
                0x0000000020000074                huart2
 COMMON         0x0000000020000100        0x4 Drivers/STM32G4xx_HAL_Driver/Src/stm32g4xx_hal.o
                0x0000000020000100                uwTick
                0x0000000020000104                . = ALIGN (0x4)
                0x0000000020000104                _ebss = .
                0x0000000020000104                __bss_end__ = _ebss

._user_heap_stack
                0x0000000020000104      0x604 load address 0x0000000008004674
                0x0000000020000108                . = ALIGN (0x8)
 *fill*         0x0000000020000104        0x4 
                0x0000000020000108                PROVIDE (end = .)
                [!provide]                        PROVIDE (_end = .)
                0x0000000020000308                . = (. + _Min_Heap_Size)
 *fill*         0x0000000020000108      0x200 
                0x0000000020000708                . = (. + _Min_Stack_Size)
 *fill*         0x0000000020000308      0x400 
                0x0000000020000708                . = ALIGN (0x8)

/DISCARD/
 libc.a(*)
 libm.a(*)
 libgcc.a(*)

.ARM.attributes
                0x0000000000000000       0x30
 *(.ARM.attributes)
 .ARM.attributes
                0x0000000000000000       0x22 c:/st/stm32cubeide_1.3.0/stm32cubeide/plugins/com.st.stm32cube.ide.mcu.externaltools.gnu-tools-for-stm32.7-2018-q2-update.win32_1.0.0.201904181610/tools/bin/../lib/gcc/arm-none-eabi/7.3.1/thumb/v7e-m/fpv4-sp/hard/crti.o
 .ARM.attributes
                0x0000000000000022       0x34 c:/st/stm32cubeide_1.3.0/stm32cubeide/plugins/com.st.stm32cube.ide.mcu.externaltools.gnu-tools-for-stm32.7-2018-q2-update.win32_1.0.0.201904181610/tools/bin/../lib/gcc/arm-none-eabi/7.3.1/thumb/v7e-m/fpv4-sp/hard/crtbegin.o
 .ARM.attributes
                0x0000000000000056       0x39 Core/Src/main.o
 .ARM.attributes
                0x000000000000008f       0x39 Core/Src/stm32g4xx_hal_msp.o
 .ARM.attributes
                0x00000000000000c8       0x39 Core/Src/stm32g4xx_it.o
 .ARM.attributes
                0x0000000000000101       0x39 Core/Src/system_stm32g4xx.o
 .ARM.attributes
                0x000000000000013a       0x21 Core/Startup/startup_stm32g431kbtx.o
 .ARM.attributes
                0x000000000000015b       0x39 Drivers/STM32G4xx_HAL_Driver/Src/stm32g4xx_hal.o
 .ARM.attributes
                0x0000000000000194       0x39 Drivers/STM32G4xx_HAL_Driver/Src/stm32g4xx_hal_cortex.o
 .ARM.attributes
                0x00000000000001cd       0x39 Drivers/STM32G4xx_HAL_Driver/Src/stm32g4xx_hal_gpio.o
 .ARM.attributes
                0x0000000000000206       0x39 Drivers/STM32G4xx_HAL_Driver/Src/stm32g4xx_hal_i2c.o
 .ARM.attributes
                0x000000000000023f       0x39 Drivers/STM32G4xx_HAL_Driver/Src/stm32g4xx_hal_i2c_ex.o
 .ARM.attributes
                0x0000000000000278       0x39 Drivers/STM32G4xx_HAL_Driver/Src/stm32g4xx_hal_pwr_ex.o
 .ARM.attributes
                0x00000000000002b1       0x39 Drivers/STM32G4xx_HAL_Driver/Src/stm32g4xx_hal_rcc.o
 .ARM.attributes
                0x00000000000002ea       0x39 Drivers/STM32G4xx_HAL_Driver/Src/stm32g4xx_hal_rcc_ex.o
 .ARM.attributes
                0x0000000000000323       0x39 Drivers/STM32G4xx_HAL_Driver/Src/stm32g4xx_hal_uart.o
 .ARM.attributes
                0x000000000000035c       0x39 Drivers/STM32G4xx_HAL_Driver/Src/stm32g4xx_hal_uart_ex.o
 .ARM.attributes
                0x0000000000000395       0x34 c:/st/stm32cubeide_1.3.0/stm32cubeide/plugins/com.st.stm32cube.ide.mcu.externaltools.gnu-tools-for-stm32.7-2018-q2-update.win32_1.0.0.201904181610/tools/bin/../lib/gcc/arm-none-eabi/7.3.1/../../../../arm-none-eabi/lib/thumb/v7e-m/fpv4-sp/hard\libc_nano.a(lib_a-init.o)
 .ARM.attributes
                0x00000000000003c9       0x34 c:/st/stm32cubeide_1.3.0/stm32cubeide/plugins/com.st.stm32cube.ide.mcu.externaltools.gnu-tools-for-stm32.7-2018-q2-update.win32_1.0.0.201904181610/tools/bin/../lib/gcc/arm-none-eabi/7.3.1/../../../../arm-none-eabi/lib/thumb/v7e-m/fpv4-sp/hard\libc_nano.a(lib_a-memset.o)
 .ARM.attributes
                0x00000000000003fd       0x22 c:/st/stm32cubeide_1.3.0/stm32cubeide/plugins/com.st.stm32cube.ide.mcu.externaltools.gnu-tools-for-stm32.7-2018-q2-update.win32_1.0.0.201904181610/tools/bin/../lib/gcc/arm-none-eabi/7.3.1/thumb/v7e-m/fpv4-sp/hard\libgcc.a(_aeabi_uldivmod.o)
 .ARM.attributes
                0x000000000000041f       0x34 c:/st/stm32cubeide_1.3.0/stm32cubeide/plugins/com.st.stm32cube.ide.mcu.externaltools.gnu-tools-for-stm32.7-2018-q2-update.win32_1.0.0.201904181610/tools/bin/../lib/gcc/arm-none-eabi/7.3.1/thumb/v7e-m/fpv4-sp/hard\libgcc.a(_udivmoddi4.o)
 .ARM.attributes
                0x0000000000000453       0x22 c:/st/stm32cubeide_1.3.0/stm32cubeide/plugins/com.st.stm32cube.ide.mcu.externaltools.gnu-tools-for-stm32.7-2018-q2-update.win32_1.0.0.201904181610/tools/bin/../lib/gcc/arm-none-eabi/7.3.1/thumb/v7e-m/fpv4-sp/hard\libgcc.a(_dvmd_tls.o)
 .ARM.attributes
                0x0000000000000475       0x22 c:/st/stm32cubeide_1.3.0/stm32cubeide/plugins/com.st.stm32cube.ide.mcu.externaltools.gnu-tools-for-stm32.7-2018-q2-update.win32_1.0.0.201904181610/tools/bin/../lib/gcc/arm-none-eabi/7.3.1/thumb/v7e-m/fpv4-sp/hard/crtn.o
OUTPUT(Nucleo-G431KB-I2C.elf elf32-littlearm)

.debug_info     0x0000000000000000     0xcaac
 .debug_info    0x0000000000000000     0x12a0 Core/Src/main.o
 .debug_info    0x00000000000012a0     0x115f Core/Src/stm32g4xx_hal_msp.o
 .debug_info    0x00000000000023ff      0x2f3 Core/Src/stm32g4xx_it.o
 .debug_info    0x00000000000026f2      0x6af Core/Src/system_stm32g4xx.o
 .debug_info    0x0000000000002da1       0x22 Core/Startup/startup_stm32g431kbtx.o
 .debug_info    0x0000000000002dc3      0xbaa Drivers/STM32G4xx_HAL_Driver/Src/stm32g4xx_hal.o
 .debug_info    0x000000000000396d      0xebb Drivers/STM32G4xx_HAL_Driver/Src/stm32g4xx_hal_cortex.o
 .debug_info    0x0000000000004828      0x969 Drivers/STM32G4xx_HAL_Driver/Src/stm32g4xx_hal_gpio.o
 .debug_info    0x0000000000005191     0x21bd Drivers/STM32G4xx_HAL_Driver/Src/stm32g4xx_hal_i2c.o
 .debug_info    0x000000000000734e      0xc3c Drivers/STM32G4xx_HAL_Driver/Src/stm32g4xx_hal_i2c_ex.o
 .debug_info    0x0000000000007f8a      0xa9c Drivers/STM32G4xx_HAL_Driver/Src/stm32g4xx_hal_pwr_ex.o
 .debug_info    0x0000000000008a26      0xca5 Drivers/STM32G4xx_HAL_Driver/Src/stm32g4xx_hal_rcc.o
 .debug_info    0x00000000000096cb      0xd92 Drivers/STM32G4xx_HAL_Driver/Src/stm32g4xx_hal_rcc_ex.o
 .debug_info    0x000000000000a45d     0x19d5 Drivers/STM32G4xx_HAL_Driver/Src/stm32g4xx_hal_uart.o
 .debug_info    0x000000000000be32      0xc7a Drivers/STM32G4xx_HAL_Driver/Src/stm32g4xx_hal_uart_ex.o

.debug_abbrev   0x0000000000000000     0x1aaa
 .debug_abbrev  0x0000000000000000      0x21e Core/Src/main.o
 .debug_abbrev  0x000000000000021e      0x195 Core/Src/stm32g4xx_hal_msp.o
 .debug_abbrev  0x00000000000003b3       0xe2 Core/Src/stm32g4xx_it.o
 .debug_abbrev  0x0000000000000495      0x147 Core/Src/system_stm32g4xx.o
 .debug_abbrev  0x00000000000005dc       0x12 Core/Startup/startup_stm32g431kbtx.o
 .debug_abbrev  0x00000000000005ee      0x1fb Drivers/STM32G4xx_HAL_Driver/Src/stm32g4xx_hal.o
 .debug_abbrev  0x00000000000007e9      0x2f1 Drivers/STM32G4xx_HAL_Driver/Src/stm32g4xx_hal_cortex.o
 .debug_abbrev  0x0000000000000ada      0x1c0 Drivers/STM32G4xx_HAL_Driver/Src/stm32g4xx_hal_gpio.o
 .debug_abbrev  0x0000000000000c9a      0x22a Drivers/STM32G4xx_HAL_Driver/Src/stm32g4xx_hal_i2c.o
 .debug_abbrev  0x0000000000000ec4      0x1b9 Drivers/STM32G4xx_HAL_Driver/Src/stm32g4xx_hal_i2c_ex.o
 .debug_abbrev  0x000000000000107d      0x1fd Drivers/STM32G4xx_HAL_Driver/Src/stm32g4xx_hal_pwr_ex.o
 .debug_abbrev  0x000000000000127a      0x245 Drivers/STM32G4xx_HAL_Driver/Src/stm32g4xx_hal_rcc.o
 .debug_abbrev  0x00000000000014bf      0x204 Drivers/STM32G4xx_HAL_Driver/Src/stm32g4xx_hal_rcc_ex.o
 .debug_abbrev  0x00000000000016c3      0x205 Drivers/STM32G4xx_HAL_Driver/Src/stm32g4xx_hal_uart.o
 .debug_abbrev  0x00000000000018c8      0x1e2 Drivers/STM32G4xx_HAL_Driver/Src/stm32g4xx_hal_uart_ex.o

.debug_aranges  0x0000000000000000      0xbe0
 .debug_aranges
                0x0000000000000000       0x48 Core/Src/main.o
 .debug_aranges
                0x0000000000000048       0x48 Core/Src/stm32g4xx_hal_msp.o
 .debug_aranges
                0x0000000000000090       0x60 Core/Src/stm32g4xx_it.o
 .debug_aranges
                0x00000000000000f0       0x28 Core/Src/system_stm32g4xx.o
 .debug_aranges
                0x0000000000000118       0x28 Core/Startup/startup_stm32g431kbtx.o
 .debug_aranges
                0x0000000000000140      0x130 Drivers/STM32G4xx_HAL_Driver/Src/stm32g4xx_hal.o
 .debug_aranges
                0x0000000000000270      0x118 Drivers/STM32G4xx_HAL_Driver/Src/stm32g4xx_hal_cortex.o
 .debug_aranges
                0x0000000000000388       0x58 Drivers/STM32G4xx_HAL_Driver/Src/stm32g4xx_hal_gpio.o
 .debug_aranges
                0x00000000000003e0      0x290 Drivers/STM32G4xx_HAL_Driver/Src/stm32g4xx_hal_i2c.o
 .debug_aranges
                0x0000000000000670       0x48 Drivers/STM32G4xx_HAL_Driver/Src/stm32g4xx_hal_i2c_ex.o
 .debug_aranges
                0x00000000000006b8      0x140 Drivers/STM32G4xx_HAL_Driver/Src/stm32g4xx_hal_pwr_ex.o
 .debug_aranges
                0x00000000000007f8       0x98 Drivers/STM32G4xx_HAL_Driver/Src/stm32g4xx_hal_rcc.o
 .debug_aranges
                0x0000000000000890       0xb0 Drivers/STM32G4xx_HAL_Driver/Src/stm32g4xx_hal_rcc_ex.o
 .debug_aranges
                0x0000000000000940      0x218 Drivers/STM32G4xx_HAL_Driver/Src/stm32g4xx_hal_uart.o
 .debug_aranges
                0x0000000000000b58       0x88 Drivers/STM32G4xx_HAL_Driver/Src/stm32g4xx_hal_uart_ex.o

.debug_ranges   0x0000000000000000      0xaf8
 .debug_ranges  0x0000000000000000       0x38 Core/Src/main.o
 .debug_ranges  0x0000000000000038       0x38 Core/Src/stm32g4xx_hal_msp.o
 .debug_ranges  0x0000000000000070       0x50 Core/Src/stm32g4xx_it.o
 .debug_ranges  0x00000000000000c0       0x18 Core/Src/system_stm32g4xx.o
 .debug_ranges  0x00000000000000d8       0x20 Core/Startup/startup_stm32g431kbtx.o
 .debug_ranges  0x00000000000000f8      0x120 Drivers/STM32G4xx_HAL_Driver/Src/stm32g4xx_hal.o
 .debug_ranges  0x0000000000000218      0x108 Drivers/STM32G4xx_HAL_Driver/Src/stm32g4xx_hal_cortex.o
 .debug_ranges  0x0000000000000320       0x48 Drivers/STM32G4xx_HAL_Driver/Src/stm32g4xx_hal_gpio.o
 .debug_ranges  0x0000000000000368      0x280 Drivers/STM32G4xx_HAL_Driver/Src/stm32g4xx_hal_i2c.o
 .debug_ranges  0x00000000000005e8       0x38 Drivers/STM32G4xx_HAL_Driver/Src/stm32g4xx_hal_i2c_ex.o
 .debug_ranges  0x0000000000000620      0x130 Drivers/STM32G4xx_HAL_Driver/Src/stm32g4xx_hal_pwr_ex.o
 .debug_ranges  0x0000000000000750       0x88 Drivers/STM32G4xx_HAL_Driver/Src/stm32g4xx_hal_rcc.o
 .debug_ranges  0x00000000000007d8       0xa0 Drivers/STM32G4xx_HAL_Driver/Src/stm32g4xx_hal_rcc_ex.o
 .debug_ranges  0x0000000000000878      0x208 Drivers/STM32G4xx_HAL_Driver/Src/stm32g4xx_hal_uart.o
 .debug_ranges  0x0000000000000a80       0x78 Drivers/STM32G4xx_HAL_Driver/Src/stm32g4xx_hal_uart_ex.o

.debug_macro    0x0000000000000000    0x1c9b0
 .debug_macro   0x0000000000000000      0x1eb Core/Src/main.o
 .debug_macro   0x00000000000001eb      0xa5a Core/Src/main.o
 .debug_macro   0x0000000000000c45      0x15b Core/Src/main.o
 .debug_macro   0x0000000000000da0       0x2e Core/Src/main.o
 .debug_macro   0x0000000000000dce       0x28 Core/Src/main.o
 .debug_macro   0x0000000000000df6       0x22 Core/Src/main.o
 .debug_macro   0x0000000000000e18       0x8e Core/Src/main.o
 .debug_macro   0x0000000000000ea6       0x51 Core/Src/main.o
 .debug_macro   0x0000000000000ef7       0xef Core/Src/main.o
 .debug_macro   0x0000000000000fe6       0x6a Core/Src/main.o
 .debug_macro   0x0000000000001050      0x1df Core/Src/main.o
 .debug_macro   0x000000000000122f       0x1c Core/Src/main.o
 .debug_macro   0x000000000000124b       0x22 Core/Src/main.o
 .debug_macro   0x000000000000126d       0xdf Core/Src/main.o
 .debug_macro   0x000000000000134c     0x102d Core/Src/main.o
 .debug_macro   0x0000000000002379      0x11f Core/Src/main.o
 .debug_macro   0x0000000000002498    0x113a4 Core/Src/main.o
 .debug_macro   0x000000000001383c       0x43 Core/Src/main.o
 .debug_macro   0x000000000001387f     0x34d1 Core/Src/main.o
 .debug_macro   0x0000000000016d50      0x174 Core/Src/main.o
 .debug_macro   0x0000000000016ec4       0x5a Core/Src/main.o
 .debug_macro   0x0000000000016f1e     0x13de Core/Src/main.o
 .debug_macro   0x00000000000182fc      0x535 Core/Src/main.o
 .debug_macro   0x0000000000018831      0x137 Core/Src/main.o
 .debug_macro   0x0000000000018968      0x289 Core/Src/main.o
 .debug_macro   0x0000000000018bf1      0x41d Core/Src/main.o
 .debug_macro   0x000000000001900e      0x18b Core/Src/main.o
 .debug_macro   0x0000000000019199       0x43 Core/Src/main.o
 .debug_macro   0x00000000000191dc      0x23d Core/Src/main.o
 .debug_macro   0x0000000000019419      0x212 Core/Src/main.o
 .debug_macro   0x000000000001962b      0x401 Core/Src/main.o
 .debug_macro   0x0000000000019a2c      0x107 Core/Src/main.o
 .debug_macro   0x0000000000019b33      0x22c Core/Src/main.o
 .debug_macro   0x0000000000019d5f       0x5e Core/Src/main.o
 .debug_macro   0x0000000000019dbd       0xa5 Core/Src/main.o
 .debug_macro   0x0000000000019e62      0x122 Core/Src/main.o
 .debug_macro   0x0000000000019f84      0x3d1 Core/Src/main.o
 .debug_macro   0x000000000001a355      0x63f Core/Src/main.o
 .debug_macro   0x000000000001a994       0xa6 Core/Src/main.o
 .debug_macro   0x000000000001aa3a      0x307 Core/Src/main.o
 .debug_macro   0x000000000001ad41      0x20e Core/Src/main.o
 .debug_macro   0x000000000001af4f       0x58 Core/Src/main.o
 .debug_macro   0x000000000001afa7      0x1eb Core/Src/stm32g4xx_hal_msp.o
 .debug_macro   0x000000000001b192      0x1f5 Core/Src/stm32g4xx_it.o
 .debug_macro   0x000000000001b387      0x1d9 Core/Src/system_stm32g4xx.o
 .debug_macro   0x000000000001b560      0x221 Drivers/STM32G4xx_HAL_Driver/Src/stm32g4xx_hal.o
 .debug_macro   0x000000000001b781      0x1d3 Drivers/STM32G4xx_HAL_Driver/Src/stm32g4xx_hal_cortex.o
 .debug_macro   0x000000000001b954      0x20b Drivers/STM32G4xx_HAL_Driver/Src/stm32g4xx_hal_gpio.o
 .debug_macro   0x000000000001bb5f      0x298 Drivers/STM32G4xx_HAL_Driver/Src/stm32g4xx_hal_i2c.o
 .debug_macro   0x000000000001bdf7      0x1d3 Drivers/STM32G4xx_HAL_Driver/Src/stm32g4xx_hal_i2c_ex.o
 .debug_macro   0x000000000001bfca      0x1fd Drivers/STM32G4xx_HAL_Driver/Src/stm32g4xx_hal_pwr_ex.o
 .debug_macro   0x000000000001c1c7      0x20f Drivers/STM32G4xx_HAL_Driver/Src/stm32g4xx_hal_rcc.o
 .debug_macro   0x000000000001c3d6      0x1fd Drivers/STM32G4xx_HAL_Driver/Src/stm32g4xx_hal_rcc_ex.o
 .debug_macro   0x000000000001c5d3      0x1fe Drivers/STM32G4xx_HAL_Driver/Src/stm32g4xx_hal_uart.o
 .debug_macro   0x000000000001c7d1      0x1df Drivers/STM32G4xx_HAL_Driver/Src/stm32g4xx_hal_uart_ex.o

.debug_line     0x0000000000000000     0xa20f
 .debug_line    0x0000000000000000      0x7c0 Core/Src/main.o
 .debug_line    0x00000000000007c0      0x775 Core/Src/stm32g4xx_hal_msp.o
 .debug_line    0x0000000000000f35      0x796 Core/Src/stm32g4xx_it.o
 .debug_line    0x00000000000016cb      0x6f6 Core/Src/system_stm32g4xx.o
 .debug_line    0x0000000000001dc1       0x89 Core/Startup/startup_stm32g431kbtx.o
 .debug_line    0x0000000000001e4a      0x97c Drivers/STM32G4xx_HAL_Driver/Src/stm32g4xx_hal.o
 .debug_line    0x00000000000027c6      0xa02 Drivers/STM32G4xx_HAL_Driver/Src/stm32g4xx_hal_cortex.o
 .debug_line    0x00000000000031c8      0x880 Drivers/STM32G4xx_HAL_Driver/Src/stm32g4xx_hal_gpio.o
 .debug_line    0x0000000000003a48     0x1abc Drivers/STM32G4xx_HAL_Driver/Src/stm32g4xx_hal_i2c.o
 .debug_line    0x0000000000005504      0x820 Drivers/STM32G4xx_HAL_Driver/Src/stm32g4xx_hal_i2c_ex.o
 .debug_line    0x0000000000005d24      0xa67 Drivers/STM32G4xx_HAL_Driver/Src/stm32g4xx_hal_pwr_ex.o
 .debug_line    0x000000000000678b      0x9bb Drivers/STM32G4xx_HAL_Driver/Src/stm32g4xx_hal_rcc.o
 .debug_line    0x0000000000007146      0xb65 Drivers/STM32G4xx_HAL_Driver/Src/stm32g4xx_hal_rcc_ex.o
 .debug_line    0x0000000000007cab     0x1c19 Drivers/STM32G4xx_HAL_Driver/Src/stm32g4xx_hal_uart.o
 .debug_line    0x00000000000098c4      0x94b Drivers/STM32G4xx_HAL_Driver/Src/stm32g4xx_hal_uart_ex.o

.debug_str      0x0000000000000000    0xb5435
 .debug_str     0x0000000000000000    0xb1d11 Core/Src/main.o
                                      0xb2079 (size before relaxing)
 .debug_str     0x00000000000b1d11       0xdd Core/Src/stm32g4xx_hal_msp.o
                                      0xb1de7 (size before relaxing)
 .debug_str     0x00000000000b1dee       0xbd Core/Src/stm32g4xx_it.o
                                      0xb1445 (size before relaxing)
 .debug_str     0x00000000000b1eab       0xc6 Core/Src/system_stm32g4xx.o
                                      0xb084d (size before relaxing)
 .debug_str     0x00000000000b1f71       0x36 Core/Startup/startup_stm32g431kbtx.o
                                         0x7e (size before relaxing)
 .debug_str     0x00000000000b1fa7      0x9c9 Drivers/STM32G4xx_HAL_Driver/Src/stm32g4xx_hal.o
                                      0xb130b (size before relaxing)
 .debug_str     0x00000000000b2970      0x392 Drivers/STM32G4xx_HAL_Driver/Src/stm32g4xx_hal_cortex.o
                                      0xb1012 (size before relaxing)
 .debug_str     0x00000000000b2d02      0x20e Drivers/STM32G4xx_HAL_Driver/Src/stm32g4xx_hal_gpio.o
                                      0xb0aba (size before relaxing)
 .debug_str     0x00000000000b2f10      0xd49 Drivers/STM32G4xx_HAL_Driver/Src/stm32g4xx_hal_i2c.o
                                      0xb1a5d (size before relaxing)
 .debug_str     0x00000000000b3c59       0xb8 Drivers/STM32G4xx_HAL_Driver/Src/stm32g4xx_hal_i2c_ex.o
                                      0xb0e5e (size before relaxing)
 .debug_str     0x00000000000b3d11      0x476 Drivers/STM32G4xx_HAL_Driver/Src/stm32g4xx_hal_pwr_ex.o
                                      0xb0d30 (size before relaxing)
 .debug_str     0x00000000000b4187      0x3a0 Drivers/STM32G4xx_HAL_Driver/Src/stm32g4xx_hal_rcc.o
                                      0xb0dc6 (size before relaxing)
 .debug_str     0x00000000000b4527      0x3e9 Drivers/STM32G4xx_HAL_Driver/Src/stm32g4xx_hal_rcc_ex.o
                                      0xb0edf (size before relaxing)
 .debug_str     0x00000000000b4910      0x898 Drivers/STM32G4xx_HAL_Driver/Src/stm32g4xx_hal_uart.o
                                      0xb15af (size before relaxing)
 .debug_str     0x00000000000b51a8      0x28d Drivers/STM32G4xx_HAL_Driver/Src/stm32g4xx_hal_uart_ex.o
                                      0xb0e1e (size before relaxing)

.comment        0x0000000000000000       0x7b
 .comment       0x0000000000000000       0x7b Core/Src/main.o
                                         0x7c (size before relaxing)
 .comment       0x000000000000007b       0x7c Core/Src/stm32g4xx_hal_msp.o
 .comment       0x000000000000007b       0x7c Core/Src/stm32g4xx_it.o
 .comment       0x000000000000007b       0x7c Core/Src/system_stm32g4xx.o
 .comment       0x000000000000007b       0x7c Drivers/STM32G4xx_HAL_Driver/Src/stm32g4xx_hal.o
 .comment       0x000000000000007b       0x7c Drivers/STM32G4xx_HAL_Driver/Src/stm32g4xx_hal_cortex.o
 .comment       0x000000000000007b       0x7c Drivers/STM32G4xx_HAL_Driver/Src/stm32g4xx_hal_gpio.o
 .comment       0x000000000000007b       0x7c Drivers/STM32G4xx_HAL_Driver/Src/stm32g4xx_hal_i2c.o
 .comment       0x000000000000007b       0x7c Drivers/STM32G4xx_HAL_Driver/Src/stm32g4xx_hal_i2c_ex.o
 .comment       0x000000000000007b       0x7c Drivers/STM32G4xx_HAL_Driver/Src/stm32g4xx_hal_pwr_ex.o
 .comment       0x000000000000007b       0x7c Drivers/STM32G4xx_HAL_Driver/Src/stm32g4xx_hal_rcc.o
 .comment       0x000000000000007b       0x7c Drivers/STM32G4xx_HAL_Driver/Src/stm32g4xx_hal_rcc_ex.o
 .comment       0x000000000000007b       0x7c Drivers/STM32G4xx_HAL_Driver/Src/stm32g4xx_hal_uart.o
 .comment       0x000000000000007b       0x7c Drivers/STM32G4xx_HAL_Driver/Src/stm32g4xx_hal_uart_ex.o

.debug_frame    0x0000000000000000     0x30d8
 .debug_frame   0x0000000000000000       0xd4 Core/Src/main.o
 .debug_frame   0x00000000000000d4       0xe4 Core/Src/stm32g4xx_hal_msp.o
 .debug_frame   0x00000000000001b8      0x10c Core/Src/stm32g4xx_it.o
 .debug_frame   0x00000000000002c4       0x58 Core/Src/system_stm32g4xx.o
 .debug_frame   0x000000000000031c      0x4a0 Drivers/STM32G4xx_HAL_Driver/Src/stm32g4xx_hal.o
 .debug_frame   0x00000000000007bc      0x498 Drivers/STM32G4xx_HAL_Driver/Src/stm32g4xx_hal_cortex.o
 .debug_frame   0x0000000000000c54      0x14c Drivers/STM32G4xx_HAL_Driver/Src/stm32g4xx_hal_gpio.o
 .debug_frame   0x0000000000000da0      0xbe8 Drivers/STM32G4xx_HAL_Driver/Src/stm32g4xx_hal_i2c.o
 .debug_frame   0x0000000000001988      0x100 Drivers/STM32G4xx_HAL_Driver/Src/stm32g4xx_hal_i2c_ex.o
 .debug_frame   0x0000000000001a88      0x4fc Drivers/STM32G4xx_HAL_Driver/Src/stm32g4xx_hal_pwr_ex.o
 .debug_frame   0x0000000000001f84      0x23c Drivers/STM32G4xx_HAL_Driver/Src/stm32g4xx_hal_rcc.o
 .debug_frame   0x00000000000021c0      0x2ac Drivers/STM32G4xx_HAL_Driver/Src/stm32g4xx_hal_rcc_ex.o
 .debug_frame   0x000000000000246c      0x994 Drivers/STM32G4xx_HAL_Driver/Src/stm32g4xx_hal_uart.o
 .debug_frame   0x0000000000002e00      0x22c Drivers/STM32G4xx_HAL_Driver/Src/stm32g4xx_hal_uart_ex.o
 .debug_frame   0x000000000000302c       0x2c c:/st/stm32cubeide_1.3.0/stm32cubeide/plugins/com.st.stm32cube.ide.mcu.externaltools.gnu-tools-for-stm32.7-2018-q2-update.win32_1.0.0.201904181610/tools/bin/../lib/gcc/arm-none-eabi/7.3.1/../../../../arm-none-eabi/lib/thumb/v7e-m/fpv4-sp/hard\libc_nano.a(lib_a-init.o)
 .debug_frame   0x0000000000003058       0x20 c:/st/stm32cubeide_1.3.0/stm32cubeide/plugins/com.st.stm32cube.ide.mcu.externaltools.gnu-tools-for-stm32.7-2018-q2-update.win32_1.0.0.201904181610/tools/bin/../lib/gcc/arm-none-eabi/7.3.1/../../../../arm-none-eabi/lib/thumb/v7e-m/fpv4-sp/hard\libc_nano.a(lib_a-memset.o)
 .debug_frame   0x0000000000003078       0x2c c:/st/stm32cubeide_1.3.0/stm32cubeide/plugins/com.st.stm32cube.ide.mcu.externaltools.gnu-tools-for-stm32.7-2018-q2-update.win32_1.0.0.201904181610/tools/bin/../lib/gcc/arm-none-eabi/7.3.1/thumb/v7e-m/fpv4-sp/hard\libgcc.a(_aeabi_uldivmod.o)
 .debug_frame   0x00000000000030a4       0x34 c:/st/stm32cubeide_1.3.0/stm32cubeide/plugins/com.st.stm32cube.ide.mcu.externaltools.gnu-tools-for-stm32.7-2018-q2-update.win32_1.0.0.201904181610/tools/bin/../lib/gcc/arm-none-eabi/7.3.1/thumb/v7e-m/fpv4-sp/hard\libgcc.a(_udivmoddi4.o)
